
[TestChanges_FormattingByLanguage_GoPascalCase - 1]
# Test: go_pascal_case

## Old Spec:
```yaml
openapi: 3.0.0
info:
  title: Test API
  version: 1.0.0
paths:
  /user-profiles/{userId}:
    get:
      operationId: getUserProfile
      parameters:
        - name: userId
          in: path
          required: true
          schema:
            type: string
      responses:
        '200':
          description: Success
  /admin/system-config:
    post:
      operationId: updateSystemConfig
      requestBody:
        content:
          application/json:
            schema:
              type: object
      responses:
        '200':
          description: Success
```

## New Spec:
```yaml
openapi: 3.0.0
info:
  title: Test API
  version: 1.0.0
paths:
  /user-profiles/{userId}:
    get:
      operationId: getUserProfile
      parameters:
        - name: userId
          in: path
          required: true
          schema:
            type: string
      responses:
        '200':
          description: Success
  /admin/system-config:
    post:
      operationId: updateSystemConfig
      requestBody:
        content:
          application/json:
            schema:
              type: object
              properties:
                maxRetries:
                  type: integer
      responses:
        '200':
          description: Success
  /analytics/user-events:
    post:
      operationId: trackUserEvents
      responses:
        '201':
          description: Created
```

## Compact Mode:
## Go SDK Changes:
* `Sdk.TrackUserEvents()`: **Added**
* `Sdk.UpdateSystemConfig()`: 
  *  `request.Request.MaxRetries` **Added**

## Full Mode:
## Go SDK Changes:
* `Sdk.TrackUserEvents()`: **Added**
* `Sdk.UpdateSystemConfig()`: 
  *  `request.Request.MaxRetries` **Added**

---
