
[TestChanges_PythonChanges - 1]
# Test: TestChanges_PythonChanges

## Old Spec:
```yaml
openapi: 3.0.0
info:
  title: Python SDK API
  version: 0.1.0
paths:
  /items:
    get:
      summary: List items
      operationId: listItems
      responses:
        '200':
          description: A list of items
          content:
            application/json:
              schema:
                $ref: '#/components/schemas/Item'
components:
  schemas:
    Item:
      type: object
      properties:
        id:
          type: string
        name:
          type: string
        price:
          type: number
```

## New Spec:
```yaml
openapi: 3.0.0
info:
  title: Python SDK API
  version: 0.2.0
paths:
  /items:
    get:
      summary: List items with pagination
      operationId: listItems
      parameters:
        - name: page
          in: query
          schema:
            type: integer
            default: 1
        - name: limit
          in: query
          schema:
            type: integer
            default: 10
      responses:
        '200':
          description: A paginated list of items
          content:
            application/json:
              schema:
                $ref: '#/components/schemas/Item'
  /items/{itemId}:
    delete:
      summary: Delete an item
      operationId: deleteItem
      parameters:
        - name: itemId
          in: path
          required: true
          schema:
            type: string
      responses:
        '204':
          description: Item deleted successfully
components:
  schemas:
    Item:
      type: object
      properties:
        id:
          type: string
        name:
          type: string
        price:
          type: number
        category:
          type: string
          enum: ['electronics', 'clothing', 'food', 'other']
```

## Compact Mode:
## Python SDK Changes:
* `sdk.delete_item()`: **Added**
* `sdk.list_items()`: 
  *  `request` **Changed**
  *  `response.category` **Added**

## Full Mode:
## Python SDK Changes:
* `sdk.delete_item()`: **Added**
* `sdk.list_items()`: 
  * `request` **Changed**
    - `limit` **Added**
    - `page` **Added**
  *  `response.category` **Added**

---
